Archive member included to satisfy reference by file (symbol)

/usr/lib/gcc/arm-none-eabi/4.9.2/../../../../arm-none-eabi/lib/armv7e-m/libg.a(lib_a-memcpy.o)
                              build/obj/memstreams.o (memcpy)

Discarded input sections

 .text          0x0000000000000000        0x0 build/obj/crt0.o
 .data          0x0000000000000000        0x0 build/obj/crt0.o
 .bss           0x0000000000000000        0x0 build/obj/crt0.o
 .text.__early_init
                0x0000000000000000       0x10 build/obj/crt0.o
 .text          0x0000000000000000        0x0 build/obj/vectors.o
 .data          0x0000000000000000        0x0 build/obj/vectors.o
 .bss           0x0000000000000000        0x0 build/obj/vectors.o
 .text          0x0000000000000000        0x0 build/obj/chcore.o
 .data          0x0000000000000000        0x0 build/obj/chcore.o
 .bss           0x0000000000000000        0x0 build/obj/chcore.o
 .text          0x0000000000000000        0x0 build/obj/chcore_v7m.o
 .data          0x0000000000000000        0x0 build/obj/chcore_v7m.o
 .bss           0x0000000000000000        0x0 build/obj/chcore_v7m.o
 .text          0x0000000000000000        0x0 build/obj/nvic.o
 .data          0x0000000000000000        0x0 build/obj/nvic.o
 .bss           0x0000000000000000        0x0 build/obj/nvic.o
 .text.nvicDisableVector
                0x0000000000000000       0x40 build/obj/nvic.o
 .text          0x0000000000000000        0x0 build/obj/chsys.o
 .data          0x0000000000000000        0x0 build/obj/chsys.o
 .bss           0x0000000000000000        0x0 build/obj/chsys.o
 .text          0x0000000000000000        0x0 build/obj/chdebug.o
 .data          0x0000000000000000        0x0 build/obj/chdebug.o
 .bss           0x0000000000000000        0x0 build/obj/chdebug.o
 .text.dbg_check_disable
                0x0000000000000000       0x30 build/obj/chdebug.o
 .text.dbg_check_suspend
                0x0000000000000000       0x30 build/obj/chdebug.o
 .text          0x0000000000000000        0x0 build/obj/chlists.o
 .data          0x0000000000000000        0x0 build/obj/chlists.o
 .bss           0x0000000000000000        0x0 build/obj/chlists.o
 .debug_info    0x0000000000000000       0x79 build/obj/chlists.o
 .debug_abbrev  0x0000000000000000       0x26 build/obj/chlists.o
 .debug_aranges
                0x0000000000000000       0x18 build/obj/chlists.o
 .debug_line    0x0000000000000000       0x1d build/obj/chlists.o
 .debug_str     0x0000000000000000      0x1a6 build/obj/chlists.o
 .comment       0x0000000000000000       0x34 build/obj/chlists.o
 .ARM.attributes
                0x0000000000000000       0x33 build/obj/chlists.o
 .text          0x0000000000000000        0x0 build/obj/chvt.o
 .data          0x0000000000000000        0x0 build/obj/chvt.o
 .bss           0x0000000000000000        0x0 build/obj/chvt.o
 .text          0x0000000000000000        0x0 build/obj/chschd.o
 .data          0x0000000000000000        0x0 build/obj/chschd.o
 .bss           0x0000000000000000        0x0 build/obj/chschd.o
 .text.chSchRescheduleS
                0x0000000000000000       0x20 build/obj/chschd.o
 .text          0x0000000000000000        0x0 build/obj/chthreads.o
 .data          0x0000000000000000        0x0 build/obj/chthreads.o
 .bss           0x0000000000000000        0x0 build/obj/chthreads.o
 .text.chThdSetPriority
                0x0000000000000000       0x40 build/obj/chthreads.o
 .text.chThdResume
                0x0000000000000000       0x40 build/obj/chthreads.o
 .text.chThdTerminate
                0x0000000000000000       0x30 build/obj/chthreads.o
 .text.chThdSleepUntil
                0x0000000000000000       0x30 build/obj/chthreads.o
 .text.chThdYield
                0x0000000000000000       0x30 build/obj/chthreads.o
 .text.chThdWait
                0x0000000000000000       0x70 build/obj/chthreads.o
 .text          0x0000000000000000        0x0 build/obj/chdynamic.o
 .data          0x0000000000000000        0x0 build/obj/chdynamic.o
 .bss           0x0000000000000000        0x0 build/obj/chdynamic.o
 .text.chThdAddRef
                0x0000000000000000       0x40 build/obj/chdynamic.o
 .text.chThdRelease
                0x0000000000000000       0x80 build/obj/chdynamic.o
 .text.chThdCreateFromHeap
                0x0000000000000000       0x50 build/obj/chdynamic.o
 .text.chThdCreateFromMemoryPool
                0x0000000000000000       0x60 build/obj/chdynamic.o
 .rodata.str1.4
                0x0000000000000000       0x28 build/obj/chdynamic.o
 .debug_info    0x0000000000000000      0x953 build/obj/chdynamic.o
 .debug_abbrev  0x0000000000000000      0x220 build/obj/chdynamic.o
 .debug_loc     0x0000000000000000      0x237 build/obj/chdynamic.o
 .debug_aranges
                0x0000000000000000       0x38 build/obj/chdynamic.o
 .debug_ranges  0x0000000000000000       0x28 build/obj/chdynamic.o
 .debug_line    0x0000000000000000      0x233 build/obj/chdynamic.o
[...]
Memory Configuration

Name             Origin             Length             Attributes
flash            0x0000000008000000 0x0000000000100000
ram              0x0000000020000000 0x000000000001c000
ethram           0x000000002001c000 0x0000000000004000
ccmram           0x0000000010000000 0x0000000000010000
*default*        0x0000000000000000 0xffffffffffffffff

Linker script and memory map

LOAD build/obj/crt0.o
LOAD build/obj/vectors.o
LOAD build/obj/chcore.o
LOAD build/obj/chcore_v7m.o
LOAD build/obj/nvic.o
LOAD build/obj/chsys.o
LOAD build/obj/chdebug.o
LOAD build/obj/chlists.o
LOAD build/obj/chvt.o
LOAD build/obj/chschd.o
LOAD build/obj/chthreads.o
LOAD build/obj/chdynamic.o
LOAD build/obj/chregistry.o
LOAD build/obj/chsem.o
LOAD build/obj/chmtx.o
LOAD build/obj/chcond.o
LOAD build/obj/chevents.o
LOAD build/obj/chmsg.o
LOAD build/obj/chmboxes.o
LOAD build/obj/chqueues.o
LOAD build/obj/chmemcore.o
LOAD build/obj/chheap.o
LOAD build/obj/chmempools.o
LOAD build/obj/hal.o
LOAD build/obj/adc.o
LOAD build/obj/can.o
LOAD build/obj/ext.o
LOAD build/obj/gpt.o
LOAD build/obj/i2c.o
LOAD build/obj/icu.o
LOAD build/obj/mac.o
LOAD build/obj/mmc_spi.o
LOAD build/obj/mmcsd.o
LOAD build/obj/pal.o
LOAD build/obj/pwm.o
LOAD build/obj/rtc.o
LOAD build/obj/sdc.o
LOAD build/obj/serial.o
LOAD build/obj/serial_usb.o
LOAD build/obj/spi.o
LOAD build/obj/tm.o
LOAD build/obj/uart.o
LOAD build/obj/usb.o
LOAD build/obj/stm32_dma.o
LOAD build/obj/hal_lld.o
LOAD build/obj/adc_lld.o
LOAD build/obj/ext_lld_isr.o
LOAD build/obj/can_lld.o
LOAD build/obj/ext_lld.o
LOAD build/obj/mac_lld.o
LOAD build/obj/sdc_lld.o
LOAD build/obj/pal_lld.o
LOAD build/obj/i2c_lld.o
LOAD build/obj/usb_lld.o
LOAD build/obj/rtc_lld.o
LOAD build/obj/spi_lld.o
LOAD build/obj/gpt_lld.o
LOAD build/obj/icu_lld.o
LOAD build/obj/pwm_lld.o
LOAD build/obj/serial_lld.o
LOAD build/obj/uart_lld.o
LOAD build/obj/board.o
LOAD build/obj/chprintf.o
LOAD build/obj/memstreams.o
LOAD build/obj/main.o
                0x0000000000000400                __main_stack_size__ = 0x400
                0x0000000000000400                __process_stack_size__ = 0x400
                0x0000000020000000                __ram_start__ = ORIGIN (ram)
                0x000000000001c000                __ram_size__ = 0x1c000
                0x000000002001c000                __ram_end__ = (__ram_start__ + __ram_size__)
                0x0000000000000000                . = 0x0
                0x0000000000000000                _text = .

startup         0x0000000008000000      0x1ac
 *(vectors)
 vectors        0x0000000008000000      0x1ac build/obj/vectors.o
                0x0000000008000000                _vectors

constructors    0x00000000080001ac        0x0
                0x00000000080001ac                PROVIDE (__init_array_start, .)
 *(SORT(.init_array.*))
 *(.init_array)
                0x00000000080001ac                PROVIDE (__init_array_end, .)

destructors     0x00000000080001ac        0x0
                0x00000000080001ac                PROVIDE (__fini_array_start, .)
 *(.fini_array)
 *(SORT(.fini_array.*))
                0x00000000080001ac                PROVIDE (__fini_array_end, .)

.text           0x00000000080001b0     0x1ec8
 *(.text.startup.*)
 *(.text)
 *(.text.*)
 .text.__late_init
                0x00000000080001b0       0x10 build/obj/crt0.o
                0x00000000080001b0                __late_init
 .text._default_exit
                0x00000000080001c0       0x10 build/obj/crt0.o
                0x00000000080001c0                _default_exit
 .text.ResetHandler
                0x00000000080001d0       0xc0 build/obj/crt0.o
                0x00000000080001d0                ResetHandler
 .text._unhandled_exception
                0x0000000008000290       0x10 build/obj/vectors.o
                0x0000000008000290                Vector58
                0x0000000008000290                VectorE8
                0x0000000008000290                Vector9C
                0x0000000008000290                VectorAC
                0x0000000008000290                Vector1A0
                0x0000000008000290                Vector5C
                0x0000000008000290                NMIVector
                0x0000000008000290                Vector11C
                0x0000000008000290                Vector19C
                0x0000000008000290                VectorDC
                0x0000000008000290                Vector168
                0x0000000008000290                Vector110
                0x0000000008000290                Vector120
                0x0000000008000290                VectorC8
                0x0000000008000290                VectorA8
                0x0000000008000290                VectorB4
                0x0000000008000290                Vector74
                0x0000000008000290                Vector160
                0x0000000008000290                VectorEC
                0x0000000008000290                UsageFaultVector
                0x0000000008000290                DebugMonitorVector
                0x0000000008000290                Vector40
                0x0000000008000290                VectorF8
                0x0000000008000290                Vector108
                0x0000000008000290                VectorBC
                0x0000000008000290                Vector190
                0x0000000008000290                Vector150
                0x0000000008000290                Vector124
                0x0000000008000290                Vector188
                0x0000000008000290                PendSVVector
                0x0000000008000290                Vector198
                0x0000000008000290                Vector118
                0x0000000008000290                Vector64
                0x0000000008000290                VectorCC
                0x0000000008000290                Vector54
                0x0000000008000290                VectorD8
                0x0000000008000290                Vector138
                0x0000000008000290                Vector24
                0x0000000008000290                Vector178
                0x0000000008000290                Vector84
                0x0000000008000290                Vector1A4
                0x0000000008000290                BusFaultVector
                0x0000000008000290                VectorD0
                0x0000000008000290                VectorE4
                0x0000000008000290                VectorC0
                0x0000000008000290                Vector158
                0x0000000008000290                Vector130
                0x0000000008000290                HardFaultVector
                0x0000000008000290                Vector134
                0x0000000008000290                VectorF0
                0x0000000008000290                Vector12C
                0x0000000008000290                Vector100
                0x0000000008000290                VectorE0
                0x0000000008000290                VectorF4
                0x0000000008000290                MemManageVector
                0x0000000008000290                Vector6C
                0x0000000008000290                VectorA0
                0x0000000008000290                VectorC4
                0x0000000008000290                Vector7C
                0x0000000008000290                Vector180
                0x0000000008000290                VectorB0
                0x0000000008000290                Vector114
                0x0000000008000290                Vector164
                0x0000000008000290                Vector60
                0x0000000008000290                Vector1C
                0x0000000008000290                Vector17C
                0x0000000008000290                Vector48
                0x0000000008000290                Vector1A8
                0x0000000008000290                Vector16C
                0x0000000008000290                Vector70
                0x0000000008000290                VectorD4
                0x0000000008000290                Vector4C
                0x0000000008000290                Vector80
                0x0000000008000290                Vector15C
                0x0000000008000290                Vector68
                0x0000000008000290                Vector78
                0x0000000008000290                _unhandled_exception
                0x0000000008000290                Vector170
                0x0000000008000290                Vector88
                0x0000000008000290                Vector104
                0x0000000008000290                Vector184
                0x0000000008000290                Vector10C
                0x0000000008000290                Vector14C
                0x0000000008000290                Vector50
                0x0000000008000290                Vector194
                0x0000000008000290                Vector154
                0x0000000008000290                Vector44
                0x0000000008000290                Vector28
                0x0000000008000290                VectorB8
                0x0000000008000290                VectorFC
                0x0000000008000290                Vector34
                0x0000000008000290                Vector128
                0x0000000008000290                VectorA4
                0x0000000008000290                Vector20
                0x0000000008000290                Vector18C
                0x0000000008000290                Vector174
 .text.port_halt
                0x00000000080002a0       0x10 build/obj/chcore.o
                0x00000000080002a0                port_halt
 .text._port_switch_from_isr
                0x00000000080002b0       0x10 build/obj/chcore_v7m.o
                0x00000000080002b0                _port_switch_from_isr
 .text.SVCallVector
                0x00000000080002c0       0x20 build/obj/chcore_v7m.o
                0x00000000080002c0                SVCallVector
 .text._port_init
                0x00000000080002e0       0x30 build/obj/chcore_v7m.o
                0x00000000080002e0                _port_init
 .text._port_irq_epilogue
                0x0000000008000310       0x80 build/obj/chcore_v7m.o
                0x0000000008000310                _port_irq_epilogue
 .text.SysTickVector
                0x0000000008000390       0x30 build/obj/chcore_v7m.o
                0x0000000008000390                SysTickVector
 .text._port_switch
                0x00000000080003c0       0x10 build/obj/chcore_v7m.o
                0x00000000080003c0                _port_switch
 .text._port_thread_start
                0x00000000080003d0       0x20 build/obj/chcore_v7m.o
                0x00000000080003d0                _port_thread_start
 .text.nvicEnableVector
                0x00000000080003f0       0x40 build/obj/nvic.o
                0x00000000080003f0                nvicEnableVector
 .text.nvicSetSystemHandlerPriority
                0x0000000008000430       0x30 build/obj/nvic.o
                0x0000000008000430                nvicSetSystemHandlerPriority
 .text._idle_thread
                0x0000000008000460       0x20 build/obj/chsys.o
                0x0000000008000460                _idle_thread
 .text.chSysInit
                0x0000000008000480       0x70 build/obj/chsys.o
                0x0000000008000480                chSysInit
 .text.chSysTimerHandlerI
                0x00000000080004f0       0x70 build/obj/chsys.o
                0x00000000080004f0                chSysTimerHandlerI
 .text.chDbgPanic
                0x0000000008000560       0x10 build/obj/chdebug.o
                0x0000000008000560                chDbgPanic
 .text.dbg_check_enable
                0x0000000008000570       0x30 build/obj/chdebug.o
                0x0000000008000570                dbg_check_enable
 .text.dbg_check_lock
                0x00000000080005a0       0x30 build/obj/chdebug.o
                0x00000000080005a0                dbg_check_lock
 .text.dbg_check_unlock
                0x00000000080005d0       0x30 build/obj/chdebug.o
                0x00000000080005d0                dbg_check_unlock
 .text.dbg_check_lock_from_isr
                0x0000000008000600       0x30 build/obj/chdebug.o
                0x0000000008000600                dbg_check_lock_from_isr
 .text.dbg_check_unlock_from_isr
                0x0000000008000630       0x30 build/obj/chdebug.o
                0x0000000008000630                dbg_check_unlock_from_isr
 .text.dbg_check_enter_isr
                0x0000000008000660       0x40 build/obj/chdebug.o
                0x0000000008000660                dbg_check_enter_isr
 .text.dbg_check_leave_isr
                0x00000000080006a0       0x40 build/obj/chdebug.o
                0x00000000080006a0                dbg_check_leave_isr
 .text.chDbgCheckClassI
                0x00000000080006e0       0x30 build/obj/chdebug.o
                0x00000000080006e0                chDbgCheckClassI
 .text.chDbgCheckClassS
                0x0000000008000710       0x30 build/obj/chdebug.o
                0x0000000008000710                chDbgCheckClassS
 .text._vt_init
                0x0000000008000740       0x20 build/obj/chvt.o
                0x0000000008000740                _vt_init
 .text.chVTSetI
                0x0000000008000760       0x40 build/obj/chvt.o
                0x0000000008000760                chVTSetI
 .text.chVTResetI
                0x00000000080007a0       0x40 build/obj/chvt.o
                0x00000000080007a0                chVTResetI
 .text._scheduler_init
                0x00000000080007e0       0x20 build/obj/chschd.o
                0x00000000080007e0                _scheduler_init
 .text.chSchReadyI
                0x0000000008000800       0x40 build/obj/chschd.o
                0x0000000008000800                chSchReadyI
 .text.wakeup   0x0000000008000840       0x60 build/obj/chschd.o
 .text.chSchGoSleepS
                0x00000000080008a0       0x50 build/obj/chschd.o
                0x00000000080008a0                chSchGoSleepS
 .text.chSchGoSleepTimeoutS
                0x00000000080008f0       0x50 build/obj/chschd.o
                0x00000000080008f0                chSchGoSleepTimeoutS
 .text.chSchWakeupS
                0x0000000008000940       0x60 build/obj/chschd.o
                0x0000000008000940                chSchWakeupS
 .text.chSchDoRescheduleBehind
                0x00000000080009a0       0x50 build/obj/chschd.o
                0x00000000080009a0                chSchDoRescheduleBehind
 .text.chSchDoRescheduleAhead
                0x00000000080009f0       0x60 build/obj/chschd.o
                0x00000000080009f0                chSchDoRescheduleAhead
 .text.chSchDoReschedule
                0x0000000008000a50       0x20 build/obj/chschd.o
                0x0000000008000a50                chSchDoReschedule
 .text._thread_init
                0x0000000008000a70       0x50 build/obj/chthreads.o
                0x0000000008000a70                _thread_init
 .text.chThdCreateI
                0x0000000008000ac0       0x40 build/obj/chthreads.o
                0x0000000008000ac0                chThdCreateI
 .text.chThdCreateStatic
                0x0000000008000b00       0x40 build/obj/chthreads.o
                0x0000000008000b00                chThdCreateStatic
 .text.chThdSleep
                0x0000000008000b40       0x30 build/obj/chthreads.o
                0x0000000008000b40                chThdSleep
 .text.chThdExitS
                0x0000000008000b70       0x50 build/obj/chthreads.o
                0x0000000008000b70                chThdExitS
 .text.chThdExit
                0x0000000008000bc0       0x20 build/obj/chthreads.o
                0x0000000008000bc0                chThdExit
 .text.chSemInit
                0x0000000008000be0       0x10 build/obj/chsem.o
                0x0000000008000be0                chSemInit
 .text.chSemWaitTimeoutS
                0x0000000008000bf0       0x60 build/obj/chsem.o
                0x0000000008000bf0                chSemWaitTimeoutS
 .text.chSemSignalI
                0x0000000008000c50       0x50 build/obj/chsem.o
                0x0000000008000c50                chSemSignalI
 .text.chMtxInit
                0x0000000008000ca0       0x10 build/obj/chmtx.o
                0x0000000008000ca0                chMtxInit
 .text.chEvtRegisterMask
                0x0000000008000cb0       0x40 build/obj/chevents.o
                0x0000000008000cb0                chEvtRegisterMask
 .text.chEvtUnregister
                0x0000000008000cf0       0x40 build/obj/chevents.o
                0x0000000008000cf0                chEvtUnregister
 .text.chEvtSignalI
                0x0000000008000d30       0x40 build/obj/chevents.o
                0x0000000008000d30                chEvtSignalI
 .text.chEvtBroadcastFlagsI
                0x0000000008000d70       0x30 build/obj/chevents.o
                0x0000000008000d70                chEvtBroadcastFlagsI
 .text.chEvtWaitAnyTimeout
                0x0000000008000da0       0x70 build/obj/chevents.o
                0x0000000008000da0                chEvtWaitAnyTimeout
 .text._core_init
                0x0000000008000e10       0x30 build/obj/chmemcore.o
                0x0000000008000e10                _core_init
 .text.chCoreAllocI
                0x0000000008000e40       0x30 build/obj/chmemcore.o
                0x0000000008000e40                chCoreAllocI
 .text.chCoreAlloc
                0x0000000008000e70       0x30 build/obj/chmemcore.o
                0x0000000008000e70                chCoreAlloc
 .text._heap_init
                0x0000000008000ea0       0x20 build/obj/chheap.o
                0x0000000008000ea0                _heap_init
 .text.halInit  0x0000000008000ec0       0x20 build/obj/hal.o
                0x0000000008000ec0                halInit
 .text.canInit  0x0000000008000ee0       0x10 build/obj/can.o
                0x0000000008000ee0                canInit
 .text.canObjectInit
                0x0000000008000ef0       0x40 build/obj/can.o
                0x0000000008000ef0                canObjectInit
 .text.canStart
                0x0000000008000f30       0x50 build/obj/can.o
                0x0000000008000f30                canStart
 .text.canTransmit
                0x0000000008000f80       0x80 build/obj/can.o
                0x0000000008000f80                canTransmit
 .text.canReceive
                0x0000000008001000       0x80 build/obj/can.o
                0x0000000008001000                canReceive
 .text.tm_start
                0x0000000008001080       0x10 build/obj/tm.o
 .text.tm_stop  0x0000000008001090       0x30 build/obj/tm.o
 .text.tmObjectInit
                0x00000000080010c0       0x20 build/obj/tm.o
                0x00000000080010c0                tmObjectInit
 .text.tmInit   0x00000000080010e0       0x30 build/obj/tm.o
                0x00000000080010e0                tmInit
 .text.hal_lld_backup_domain_init
                0x0000000008001110       0x40 build/obj/hal_lld.o
 .text.hal_lld_init
                0x0000000008001150       0x70 build/obj/hal_lld.o
                0x0000000008001150                hal_lld_init
 .text.stm32_clock_init
                0x00000000080011c0       0xe0 build/obj/hal_lld.o
                0x00000000080011c0                stm32_clock_init
 .text.can_lld_set_filters
                0x00000000080012a0      0x120 build/obj/can_lld.o
 .text.can_lld_tx_handler
                0x00000000080013c0       0x40 build/obj/can_lld.o
 .text.can_lld_rx0_handler
                0x0000000008001400       0x70 build/obj/can_lld.o
 .text.can_lld_rx1_handler
                0x0000000008001470       0x70 build/obj/can_lld.o
 .text.can_lld_sce_handler
                0x00000000080014e0       0x80 build/obj/can_lld.o
 .text.Vector8C
                0x0000000008001560       0x20 build/obj/can_lld.o
                0x0000000008001560                Vector8C
 .text.Vector90
                0x0000000008001580       0x20 build/obj/can_lld.o
                0x0000000008001580                Vector90
 .text.Vector94
                0x00000000080015a0       0x20 build/obj/can_lld.o
                0x00000000080015a0                Vector94
 .text.Vector98
                0x00000000080015c0       0x20 build/obj/can_lld.o
                0x00000000080015c0                Vector98
 .text.Vector13C
                0x00000000080015e0       0x20 build/obj/can_lld.o
                0x00000000080015e0                Vector13C
 .text.Vector140
                0x0000000008001600       0x20 build/obj/can_lld.o
                0x0000000008001600                Vector140
 .text.Vector144
                0x0000000008001620       0x20 build/obj/can_lld.o
                0x0000000008001620                Vector144
 .text.Vector148
                0x0000000008001640       0x20 build/obj/can_lld.o
                0x0000000008001640                Vector148
 .text.can_lld_init
                0x0000000008001660       0x40 build/obj/can_lld.o
                0x0000000008001660                can_lld_init
 .text.can_lld_start
                0x00000000080016a0       0xc0 build/obj/can_lld.o
                0x00000000080016a0                can_lld_start
 .text.can_lld_is_tx_empty
                0x0000000008001760       0x40 build/obj/can_lld.o
                0x0000000008001760                can_lld_is_tx_empty
 .text.can_lld_transmit
                0x00000000080017a0       0x80 build/obj/can_lld.o
                0x00000000080017a0                can_lld_transmit
 .text.can_lld_is_rx_nonempty
                0x0000000008001820       0x50 build/obj/can_lld.o
                0x0000000008001820                can_lld_is_rx_nonempty
 .text.can_lld_receive
                0x0000000008001870       0xd0 build/obj/can_lld.o
                0x0000000008001870                can_lld_receive
 .text.initgpio
                0x0000000008001940       0x20 build/obj/pal_lld.o
 .text._pal_lld_init
                0x0000000008001960       0xa0 build/obj/pal_lld.o
                0x0000000008001960                _pal_lld_init
 .text._pal_lld_setgroupmode
                0x0000000008001a00       0xa0 build/obj/pal_lld.o
                0x0000000008001a00                _pal_lld_setgroupmode
 .text.__early_init
                0x0000000008001aa0       0x10 build/obj/board.o
                0x0000000008001aa0                __early_init
 .text.boardInit
                0x0000000008001ab0       0x10 build/obj/board.o
                0x0000000008001ab0                boardInit
 .text.can_tx   0x0000000008001ac0       0x90 build/obj/main.o
 .text.can_rx   0x0000000008001b50       0x80 build/obj/main.o
 .text.main     0x0000000008001bd0       0xb0 build/obj/main.o
                0x0000000008001bd0                main
 *(.rodata)
 *(.rodata.*)
 .rodata.str1.4
                0x0000000008001c80        0x5 build/obj/chsys.o
                                          0x8 (size before relaxing)
 *fill*         0x0000000008001c85        0xb 
 .rodata.str1.4
                0x0000000008001c90       0x56 build/obj/chdebug.o
                                         0x58 (size before relaxing)
 *fill*         0x0000000008001ce6        0xa 
 .rodata.str1.4
                0x0000000008001cf0       0x11 build/obj/chvt.o
                                         0x14 (size before relaxing)
 *fill*         0x0000000008001d01        0xf 
 .rodata.str1.4
                0x0000000008001d10       0x23 build/obj/chschd.o
                                         0x24 (size before relaxing)
 *fill*         0x0000000008001d33        0xd 
 .rodata.str1.4
                0x0000000008001d40       0x48 build/obj/chthreads.o
 *fill*         0x0000000008001d88        0x8 
 .rodata.ch_debug
                0x0000000008001d90       0x18 build/obj/chregistry.o
                0x0000000008001d90                ch_debug
 *fill*         0x0000000008001da8        0x8 
 .rodata.str1.4
                0x0000000008001db0       0xae build/obj/chsem.o
                                         0xb0 (size before relaxing)
 *fill*         0x0000000008001e5e        0x2 
 .rodata.str1.4
                0x0000000008001e60       0x68 build/obj/can.o
 *fill*         0x0000000008001ec8        0x8 
 .rodata.str1.4
                0x0000000008001ed0       0x5d build/obj/can_lld.o
                                         0x60 (size before relaxing)
 *fill*         0x0000000008001f2d        0x3 
 .rodata.pal_default_config
                0x0000000008001f30       0xfc build/obj/board.o
                0x0000000008001f30                pal_default_config
 *fill*         0x000000000800202c        0x4 
 .rodata.cancfg
                0x0000000008002030        0x8 build/obj/main.o
 *fill*         0x0000000008002038        0x8 
 .rodata.can1   0x0000000008002040        0x8 build/obj/main.o
 *fill*         0x0000000008002048        0x8 
 .rodata.str1.4
                0x0000000008002050       0x18 build/obj/main.o
 *fill*         0x0000000008002068        0x8 
 .rodata.can2   0x0000000008002070        0x8 build/obj/main.o
 *(.glue_7t)
 .glue_7t       0x0000000008002078        0x0 linker stubs
 *(.glue_7)
 .glue_7        0x0000000008002078        0x0 linker stubs
 *(.gcc*)

.vfp11_veneer   0x0000000008002078        0x0
 .vfp11_veneer  0x0000000008002078        0x0 linker stubs

.v4_bx          0x0000000008002078        0x0
 .v4_bx         0x0000000008002078        0x0 linker stubs

.iplt           0x0000000008002078        0x0
 .iplt          0x0000000008002078        0x0 build/obj/crt0.o

.rel.dyn        0x0000000008002078        0x0
 .rel.iplt      0x0000000008002078        0x0 build/obj/crt0.o

.ARM.extab
 *(.ARM.extab* .gnu.linkonce.armextab.*)

.ARM.exidx      0x0000000008002078        0x0
                0x0000000008002078                PROVIDE (__exidx_start, .)
 *(.ARM.exidx* .gnu.linkonce.armexidx.*)
                0x0000000008002078                PROVIDE (__exidx_end, .)

.eh_frame_hdr
 *(.eh_frame_hdr)

.eh_frame
 *(.eh_frame)

.textalign      0x0000000008002078        0x0
                0x0000000008002078                . = ALIGN (0x8)
                0x0000000008002078                . = ALIGN (0x4)
                0x0000000008002078                _etext = .
                0x0000000008002078                _textdata = _etext

.stacks         0x0000000020000000      0x800
                0x0000000020000000                . = ALIGN (0x8)
                0x0000000020000000                __main_stack_base__ = .
                0x0000000020000400                . = (. + __main_stack_size__)
 *fill*         0x0000000020000000      0x400 
                0x0000000020000400                . = ALIGN (0x8)
                0x0000000020000400                __main_stack_end__ = .
                0x0000000020000400                __process_stack_base__ = .
                0x0000000020000400                __main_thread_stack_base__ = .
                0x0000000020000800                . = (. + __process_stack_size__)
 *fill*         0x0000000020000400      0x400 
                0x0000000020000800                . = ALIGN (0x8)
                0x0000000020000800                __process_stack_end__ = .
                0x0000000020000800                __main_thread_stack_end__ = .

.data           0x0000000020000800        0x0 load address 0x0000000008002078
                0x0000000020000800                . = ALIGN (0x4)
                0x0000000020000800                PROVIDE (_data, .)
 *(.data)
 *(.data.*)
 *(.ramtext)
                0x0000000020000800                . = ALIGN (0x4)
                0x0000000020000800                PROVIDE (_edata, .)

.igot.plt       0x0000000020000800        0x0 load address 0x0000000008002078
 .igot.plt      0x0000000020000800        0x0 build/obj/crt0.o

.bss            0x0000000020000800      0x778
                0x0000000020000800                . = ALIGN (0x4)
                0x0000000020000800                PROVIDE (_bss_start, .)
 *(.bss)
 *(.bss.*)
 .bss.mainthread.4793
                0x0000000020000800       0x4c build/obj/chsys.o
 *fill*         0x000000002000084c        0x4 
 .bss._idle_thread_wa
                0x0000000020000850       0xe0 build/obj/chsys.o
                0x0000000020000850                _idle_thread_wa
 .bss.dbg_isr_cnt
                0x0000000020000930        0x4 build/obj/chdebug.o
                0x0000000020000930                dbg_isr_cnt
 .bss.dbg_lock_cnt
                0x0000000020000934        0x4 build/obj/chdebug.o
                0x0000000020000934                dbg_lock_cnt
 .bss.dbg_panic_msg
                0x0000000020000938        0x4 build/obj/chdebug.o
                0x0000000020000938                dbg_panic_msg
 .bss.vtlist    0x000000002000093c       0x10 build/obj/chvt.o
                0x000000002000093c                vtlist
 .bss.rlist     0x000000002000094c       0x1c build/obj/chschd.o
                0x000000002000094c                rlist
 .bss.endmem    0x0000000020000968        0x4 build/obj/chmemcore.o
 .bss.nextmem   0x000000002000096c        0x4 build/obj/chmemcore.o
 .bss.default_heap
                0x0000000020000970       0x20 build/obj/chheap.o
 .bss.measurement_offset
                0x0000000020000990        0x4 build/obj/tm.o
 .bss.CAND1     0x0000000020000994       0x38 build/obj/can_lld.o
                0x0000000020000994                CAND1
 .bss.CAND2     0x00000000200009cc       0x38 build/obj/can_lld.o
                0x00000000200009cc                CAND2
 *fill*         0x0000000020000a04        0x4 
 .bss.can_rx2_wa
                0x0000000020000a08      0x1d0 build/obj/main.o
 .bss.can_tx_wa
                0x0000000020000bd8      0x1d0 build/obj/main.o
 .bss.can_rx1_wa
                0x0000000020000da8      0x1d0 build/obj/main.o
 *(COMMON)
                0x0000000020000f78                . = ALIGN (0x4)
                0x0000000020000f78                PROVIDE (_bss_end, .)
                0x0000000020000f78                PROVIDE (end, .)
                0x0000000020000f78                _end = .
                0x0000000020000f78                __heap_base__ = _end
                0x000000002001c000                __heap_end__ = __ram_end__
LOAD /usr/lib/gcc/arm-none-eabi/4.9.2/../../../../arm-none-eabi/lib/armv7e-m/libm.a
START GROUP
LOAD /usr/lib/gcc/arm-none-eabi/4.9.2/armv7e-m/libgcc.a
LOAD /usr/lib/gcc/arm-none-eabi/4.9.2/../../../../arm-none-eabi/lib/armv7e-m/libg.a
LOAD /usr/lib/gcc/arm-none-eabi/4.9.2/../../../../arm-none-eabi/lib/armv7e-m/libc.a
END GROUP
OUTPUT(build/ch.elf elf32-littlearm)

.debug_info     0x0000000000000000     0xbbc0
 .debug_info    0x0000000000000000      0x2bf build/obj/crt0.o
 .debug_info    0x00000000000002bf      0x1cd build/obj/vectors.o
 .debug_info    0x000000000000048c       0x92 build/obj/chcore.o
 .debug_info    0x000000000000051e      0x896 build/obj/chcore_v7m.o
 .debug_info    0x0000000000000db4      0x404 build/obj/nvic.o
 .debug_info    0x00000000000011b8      0x89c build/obj/chsys.o
 .debug_info    0x0000000000001a54      0x35e build/obj/chdebug.o
 .debug_info    0x0000000000001db2      0x24d build/obj/chvt.o
 .debug_info    0x0000000000001fff      0xaae build/obj/chschd.o
 .debug_info    0x0000000000002aad      0xce1 build/obj/chthreads.o
 .debug_info    0x000000000000378e      0x6bb build/obj/chregistry.o
 .debug_info    0x0000000000003e49      0xc78 build/obj/chsem.o
 .debug_info    0x0000000000004ac1      0xb25 build/obj/chmtx.o
 .debug_info    0x00000000000055e6      0xf51 build/obj/chevents.o
 .debug_info    0x0000000000006537      0x22a build/obj/chmemcore.o
 .debug_info    0x0000000000006761      0x723 build/obj/chheap.o
 .debug_info    0x0000000000006e84      0x371 build/obj/hal.o
 .debug_info    0x00000000000071f5     0x11bd build/obj/can.o
 .debug_info    0x00000000000083b2      0x29f build/obj/tm.o
 .debug_info    0x0000000000008651      0x483 build/obj/hal_lld.o
 .debug_info    0x0000000000008ad4     0x183a build/obj/can_lld.o
 .debug_info    0x000000000000a30e      0x6c0 build/obj/pal_lld.o
 .debug_info    0x000000000000a9ce      0x1f4 build/obj/board.o
 .debug_info    0x000000000000abc2      0xffe build/obj/main.o

.debug_abbrev   0x0000000000000000     0x2a48
 .debug_abbrev  0x0000000000000000       0xf4 build/obj/crt0.o
 .debug_abbrev  0x00000000000000f4       0xaf build/obj/vectors.o
 .debug_abbrev  0x00000000000001a3       0x42 build/obj/chcore.o
 .debug_abbrev  0x00000000000001e5      0x19f build/obj/chcore_v7m.o
 .debug_abbrev  0x0000000000000384      0x11d build/obj/nvic.o
 .debug_abbrev  0x00000000000004a1      0x1f2 build/obj/chsys.o
 .debug_abbrev  0x0000000000000693       0xf9 build/obj/chdebug.o
 .debug_abbrev  0x000000000000078c      0x144 build/obj/chvt.o
 .debug_abbrev  0x00000000000008d0      0x2b7 build/obj/chschd.o
 .debug_abbrev  0x0000000000000b87      0x2c9 build/obj/chthreads.o
 .debug_abbrev  0x0000000000000e50      0x1ba build/obj/chregistry.o
 .debug_abbrev  0x000000000000100a      0x2c2 build/obj/chsem.o
 .debug_abbrev  0x00000000000012cc      0x2af build/obj/chmtx.o
 .debug_abbrev  0x000000000000157b      0x279 build/obj/chevents.o
 .debug_abbrev  0x00000000000017f4      0x132 build/obj/chmemcore.o
 .debug_abbrev  0x0000000000001926      0x1e5 build/obj/chheap.o
 .debug_abbrev  0x0000000000001b0b      0x183 build/obj/hal.o
 .debug_abbrev  0x0000000000001c8e      0x2d8 build/obj/can.o
 .debug_abbrev  0x0000000000001f66      0x14a build/obj/tm.o
 .debug_abbrev  0x00000000000020b0      0x10f build/obj/hal_lld.o
 .debug_abbrev  0x00000000000021bf      0x355 build/obj/can_lld.o
 .debug_abbrev  0x0000000000002514      0x198 build/obj/pal_lld.o
 .debug_abbrev  0x00000000000026ac       0xe0 build/obj/board.o
 .debug_abbrev  0x000000000000278c      0x2bc build/obj/main.o

.debug_loc      0x0000000000000000     0x25dd
 .debug_loc     0x0000000000000000       0xf6 build/obj/crt0.o
 .debug_loc     0x00000000000000f6       0x3e build/obj/chcore_v7m.o
 .debug_loc     0x0000000000000134       0xef build/obj/nvic.o
 .debug_loc     0x0000000000000223       0x31 build/obj/chsys.o
 .debug_loc     0x0000000000000254       0x21 build/obj/chdebug.o
 .debug_loc     0x0000000000000275       0xed build/obj/chvt.o
 .debug_loc     0x0000000000000362      0x222 build/obj/chschd.o
 .debug_loc     0x0000000000000584      0x3ae build/obj/chthreads.o
 .debug_loc     0x0000000000000932       0x68 build/obj/chregistry.o
 .debug_loc     0x000000000000099a      0x494 build/obj/chsem.o
 .debug_loc     0x0000000000000e2e      0x362 build/obj/chmtx.o
 .debug_loc     0x0000000000001190      0x5fc build/obj/chevents.o
 .debug_loc     0x000000000000178c       0xa1 build/obj/chmemcore.o
 .debug_loc     0x000000000000182d      0x2d9 build/obj/chheap.o
 .debug_loc     0x0000000000001b06       0xe5 build/obj/hal.o
 .debug_loc     0x0000000000001beb      0x296 build/obj/can.o
 .debug_loc     0x0000000000001e81       0x13 build/obj/tm.o
 .debug_loc     0x0000000000001e94      0x58c build/obj/can_lld.o
 .debug_loc     0x0000000000002420      0x144 build/obj/pal_lld.o
 .debug_loc     0x0000000000002564       0x79 build/obj/main.o

.debug_aranges  0x0000000000000000      0x700
 .debug_aranges
                0x0000000000000000       0x38 build/obj/crt0.o
 .debug_aranges
                0x0000000000000038       0x20 build/obj/vectors.o
 .debug_aranges
                0x0000000000000058       0x20 build/obj/chcore.o
 .debug_aranges
                0x0000000000000078       0x50 build/obj/chcore_v7m.o
 .debug_aranges
                0x00000000000000c8       0x30 build/obj/nvic.o
 .debug_aranges
                0x00000000000000f8       0x30 build/obj/chsys.o
 .debug_aranges
                0x0000000000000128       0x78 build/obj/chdebug.o
 .debug_aranges
                0x00000000000001a0       0x30 build/obj/chvt.o
 .debug_aranges
                0x00000000000001d0       0x68 build/obj/chschd.o
 .debug_aranges
                0x0000000000000238       0x78 build/obj/chthreads.o
 .debug_aranges
                0x00000000000002b0       0x28 build/obj/chregistry.o
 .debug_aranges
                0x00000000000002d8       0x70 build/obj/chsem.o
 .debug_aranges
                0x0000000000000348       0x58 build/obj/chmtx.o
 .debug_aranges
                0x00000000000003a0       0xa0 build/obj/chevents.o
 .debug_aranges
                0x0000000000000440       0x38 build/obj/chmemcore.o
 .debug_aranges
                0x0000000000000478       0x40 build/obj/chheap.o
 .debug_aranges
                0x00000000000004b8       0x30 build/obj/hal.o
 .debug_aranges
                0x00000000000004e8       0x58 build/obj/can.o
 .debug_aranges
                0x0000000000000540       0x38 build/obj/tm.o
 .debug_aranges
                0x0000000000000578       0x30 build/obj/hal_lld.o
 .debug_aranges
                0x00000000000005a8       0xd0 build/obj/can_lld.o
 .debug_aranges
                0x0000000000000678       0x30 build/obj/pal_lld.o
 .debug_aranges
                0x00000000000006a8       0x28 build/obj/board.o
 .debug_aranges
                0x00000000000006d0       0x30 build/obj/main.o

.debug_ranges   0x0000000000000000      0x580
 .debug_ranges  0x0000000000000000       0x28 build/obj/crt0.o
 .debug_ranges  0x0000000000000028       0x10 build/obj/vectors.o
 .debug_ranges  0x0000000000000038       0x10 build/obj/chcore.o
 .debug_ranges  0x0000000000000048       0x40 build/obj/chcore_v7m.o
 .debug_ranges  0x0000000000000088       0x20 build/obj/nvic.o
 .debug_ranges  0x00000000000000a8       0x20 build/obj/chsys.o
 .debug_ranges  0x00000000000000c8       0x68 build/obj/chdebug.o
 .debug_ranges  0x0000000000000130       0x20 build/obj/chvt.o
 .debug_ranges  0x0000000000000150       0x58 build/obj/chschd.o
 .debug_ranges  0x00000000000001a8       0x68 build/obj/chthreads.o
 .debug_ranges  0x0000000000000210       0x18 build/obj/chregistry.o
 .debug_ranges  0x0000000000000228       0x60 build/obj/chsem.o
 .debug_ranges  0x0000000000000288       0x48 build/obj/chmtx.o
 .debug_ranges  0x00000000000002d0       0x90 build/obj/chevents.o
 .debug_ranges  0x0000000000000360       0x28 build/obj/chmemcore.o
 .debug_ranges  0x0000000000000388       0x30 build/obj/chheap.o
 .debug_ranges  0x00000000000003b8       0x20 build/obj/hal.o
 .debug_ranges  0x00000000000003d8       0x48 build/obj/can.o
 .debug_ranges  0x0000000000000420       0x28 build/obj/tm.o
 .debug_ranges  0x0000000000000448       0x20 build/obj/hal_lld.o
 .debug_ranges  0x0000000000000468       0xc0 build/obj/can_lld.o
 .debug_ranges  0x0000000000000528       0x20 build/obj/pal_lld.o
 .debug_ranges  0x0000000000000548       0x18 build/obj/board.o
 .debug_ranges  0x0000000000000560       0x20 build/obj/main.o

.debug_line     0x0000000000000000     0x33c3
 .debug_line    0x0000000000000000      0x12c build/obj/crt0.o
 .debug_line    0x000000000000012c       0xcc build/obj/vectors.o
 .debug_line    0x00000000000001f8       0x63 build/obj/chcore.o
 .debug_line    0x000000000000025b      0x218 build/obj/chcore_v7m.o
 .debug_line    0x0000000000000473       0xf5 build/obj/nvic.o
 .debug_line    0x0000000000000568      0x20b build/obj/chsys.o
 .debug_line    0x0000000000000773      0x218 build/obj/chdebug.o
 .debug_line    0x000000000000098b      0x15d build/obj/chvt.o
 .debug_line    0x0000000000000ae8      0x2c6 build/obj/chschd.o
 .debug_line    0x0000000000000dae      0x2ec build/obj/chthreads.o
 .debug_line    0x000000000000109a      0x1d8 build/obj/chregistry.o
 .debug_line    0x0000000000001272      0x36d build/obj/chsem.o
 .debug_line    0x00000000000015df      0x2f0 build/obj/chmtx.o
 .debug_line    0x00000000000018cf      0x309 build/obj/chevents.o
 .debug_line    0x0000000000001bd8      0x15d build/obj/chmemcore.o
 .debug_line    0x0000000000001d35      0x255 build/obj/chheap.o
 .debug_line    0x0000000000001f8a      0x26e build/obj/hal.o
 .debug_line    0x00000000000021f8      0x339 build/obj/can.o
 .debug_line    0x0000000000002531      0x1c8 build/obj/tm.o
 .debug_line    0x00000000000026f9      0x1b4 build/obj/hal_lld.o
 .debug_line    0x00000000000028ad      0x4f9 build/obj/can_lld.o
 .debug_line    0x0000000000002da6      0x1a0 build/obj/pal_lld.o
 .debug_line    0x0000000000002f46      0x17c build/obj/board.o
 .debug_line    0x00000000000030c2      0x301 build/obj/main.o

.debug_str      0x0000000000000000     0x1acb
 .debug_str     0x0000000000000000      0x287 build/obj/crt0.o
                                        0x2cc (size before relaxing)
 .debug_str     0x0000000000000287      0x150 build/obj/vectors.o
                                        0x2ed (size before relaxing)
 .debug_str     0x00000000000003d7       0x38 build/obj/chcore.o
                                        0x1b5 (size before relaxing)
 .debug_str     0x000000000000040f      0x392 build/obj/chcore_v7m.o
                                        0x54d (size before relaxing)
 .debug_str     0x00000000000007a1       0xa1 build/obj/nvic.o
                                        0x2bf (size before relaxing)
 .debug_str     0x0000000000000842      0x23b build/obj/chsys.o
                                        0x611 (size before relaxing)
 .debug_str     0x0000000000000a7d       0x90 build/obj/chdebug.o
                                        0x2df (size before relaxing)
 .debug_str     0x0000000000000b0d       0x41 build/obj/chvt.o
                                        0x25c (size before relaxing)
 .debug_str     0x0000000000000b4e       0xd9 build/obj/chschd.o
                                        0x53f (size before relaxing)
 .debug_str     0x0000000000000c27       0xde build/obj/chthreads.o
                                        0x587 (size before relaxing)
 .debug_str     0x0000000000000d05       0x4d build/obj/chregistry.o
                                        0x504 (size before relaxing)
 .debug_str     0x0000000000000d52       0xd3 build/obj/chsem.o
                                        0x511 (size before relaxing)
 .debug_str     0x0000000000000e25       0x9c build/obj/chmtx.o
                                        0x4a1 (size before relaxing)
 .debug_str     0x0000000000000ec1      0x1c4 build/obj/chevents.o
                                        0x5c5 (size before relaxing)
 .debug_str     0x0000000000001085       0x7b build/obj/chmemcore.o
                                        0x266 (size before relaxing)
 .debug_str     0x0000000000001100       0xbe build/obj/chheap.o
                                        0x440 (size before relaxing)
 .debug_str     0x00000000000011be      0x179 build/obj/hal.o
                                        0x331 (size before relaxing)
 .debug_str     0x0000000000001337      0x2dc build/obj/can.o
                                        0x75b (size before relaxing)
 .debug_str     0x0000000000001613       0x72 build/obj/tm.o
                                        0x286 (size before relaxing)
 .debug_str     0x0000000000001685      0x197 build/obj/hal_lld.o
                                        0x3e1 (size before relaxing)
 .debug_str     0x000000000000181c      0x157 build/obj/can_lld.o
                                        0x967 (size before relaxing)
 .debug_str     0x0000000000001973       0xd4 build/obj/pal_lld.o
                                        0x447 (size before relaxing)
 .debug_str     0x0000000000001a47       0x25 build/obj/board.o
                                        0x291 (size before relaxing)
 .debug_str     0x0000000000001a6c       0x5f build/obj/main.o
                                        0x764 (size before relaxing)

.comment        0x0000000000000000       0x33
 .comment       0x0000000000000000       0x33 build/obj/crt0.o
                                         0x34 (size before relaxing)
 .comment       0x0000000000000033       0x34 build/obj/vectors.o
 .comment       0x0000000000000033       0x34 build/obj/chcore.o
 .comment       0x0000000000000033       0x34 build/obj/chcore_v7m.o
 .comment       0x0000000000000033       0x34 build/obj/nvic.o
 .comment       0x0000000000000033       0x34 build/obj/chsys.o
 .comment       0x0000000000000033       0x34 build/obj/chdebug.o
 .comment       0x0000000000000033       0x34 build/obj/chvt.o
 .comment       0x0000000000000033       0x34 build/obj/chschd.o
 .comment       0x0000000000000033       0x34 build/obj/chthreads.o
 .comment       0x0000000000000033       0x34 build/obj/chregistry.o
 .comment       0x0000000000000033       0x34 build/obj/chsem.o
 .comment       0x0000000000000033       0x34 build/obj/chmtx.o
 .comment       0x0000000000000033       0x34 build/obj/chevents.o
 .comment       0x0000000000000033       0x34 build/obj/chmemcore.o
 .comment       0x0000000000000033       0x34 build/obj/chheap.o
 .comment       0x0000000000000033       0x34 build/obj/hal.o
 .comment       0x0000000000000033       0x34 build/obj/can.o
 .comment       0x0000000000000033       0x34 build/obj/tm.o
 .comment       0x0000000000000033       0x34 build/obj/hal_lld.o
 .comment       0x0000000000000033       0x34 build/obj/can_lld.o
 .comment       0x0000000000000033       0x34 build/obj/pal_lld.o
 .comment       0x0000000000000033       0x34 build/obj/board.o
 .comment       0x0000000000000033       0x34 build/obj/main.o

.ARM.attributes
                0x0000000000000000       0x31
 .ARM.attributes
                0x0000000000000000       0x33 build/obj/crt0.o
 .ARM.attributes
                0x0000000000000033       0x33 build/obj/vectors.o
 .ARM.attributes
                0x0000000000000066       0x33 build/obj/chcore.o
 .ARM.attributes
                0x0000000000000099       0x33 build/obj/chcore_v7m.o
 .ARM.attributes
                0x00000000000000cc       0x33 build/obj/nvic.o
 .ARM.attributes
                0x00000000000000ff       0x33 build/obj/chsys.o
 .ARM.attributes
                0x0000000000000132       0x33 build/obj/chdebug.o
 .ARM.attributes
                0x0000000000000165       0x33 build/obj/chvt.o
 .ARM.attributes
                0x0000000000000198       0x33 build/obj/chschd.o
 .ARM.attributes
                0x00000000000001cb       0x33 build/obj/chthreads.o
 .ARM.attributes
                0x00000000000001fe       0x33 build/obj/chregistry.o
 .ARM.attributes
                0x0000000000000231       0x33 build/obj/chsem.o
 .ARM.attributes
                0x0000000000000264       0x33 build/obj/chmtx.o
 .ARM.attributes
                0x0000000000000297       0x33 build/obj/chevents.o
 .ARM.attributes
                0x00000000000002ca       0x33 build/obj/chmemcore.o
 .ARM.attributes
                0x00000000000002fd       0x33 build/obj/chheap.o
 .ARM.attributes
                0x0000000000000330       0x33 build/obj/hal.o
 .ARM.attributes
                0x0000000000000363       0x33 build/obj/can.o
 .ARM.attributes
                0x0000000000000396       0x33 build/obj/tm.o
 .ARM.attributes
                0x00000000000003c9       0x33 build/obj/hal_lld.o
 .ARM.attributes
                0x00000000000003fc       0x33 build/obj/can_lld.o
 .ARM.attributes
                0x000000000000042f       0x33 build/obj/pal_lld.o
 .ARM.attributes
                0x0000000000000462       0x33 build/obj/board.o
 .ARM.attributes
                0x0000000000000495       0x33 build/obj/main.o

.debug_frame    0x0000000000000000     0x11f0
 .debug_frame   0x0000000000000000       0x50 build/obj/crt0.o
 .debug_frame   0x0000000000000050       0x20 build/obj/vectors.o
 .debug_frame   0x0000000000000070       0x20 build/obj/chcore.o
 .debug_frame   0x0000000000000090       0xa4 build/obj/chcore_v7m.o
 .debug_frame   0x0000000000000134       0x74 build/obj/nvic.o
 .debug_frame   0x00000000000001a8       0x64 build/obj/chsys.o
 .debug_frame   0x000000000000020c      0x160 build/obj/chdebug.o
 .debug_frame   0x000000000000036c       0x64 build/obj/chvt.o
 .debug_frame   0x00000000000003d0      0x12c build/obj/chschd.o
 .debug_frame   0x00000000000004fc      0x180 build/obj/chthreads.o
 .debug_frame   0x000000000000067c       0x4c build/obj/chregistry.o
 .debug_frame   0x00000000000006c8      0x154 build/obj/chsem.o
 .debug_frame   0x000000000000081c       0xf0 build/obj/chmtx.o
 .debug_frame   0x000000000000090c      0x22c build/obj/chevents.o
 .debug_frame   0x0000000000000b38       0x68 build/obj/chmemcore.o
 .debug_frame   0x0000000000000ba0       0xb0 build/obj/chheap.o
 .debug_frame   0x0000000000000c50       0x5c build/obj/hal.o
 .debug_frame   0x0000000000000cac      0x110 build/obj/can.o
 .debug_frame   0x0000000000000dbc       0x60 build/obj/tm.o
 .debug_frame   0x0000000000000e1c       0x4c build/obj/hal_lld.o
 .debug_frame   0x0000000000000e68      0x280 build/obj/can_lld.o
 .debug_frame   0x00000000000010e8       0x64 build/obj/pal_lld.o
 .debug_frame   0x000000000000114c       0x3c build/obj/board.o
 .debug_frame   0x0000000000001188       0x68 build/obj/main.o

Cross Reference Table

Symbol                                            File
BusFaultVector                                    build/obj/vectors.o
CAND1                                             build/obj/can_lld.o
                                                  build/obj/main.o
CAND2                                             build/obj/can_lld.o
                                                  build/obj/main.o
DebugMonitorVector                                build/obj/vectors.o
HardFaultVector                                   build/obj/vectors.o
MemManageVector                                   build/obj/vectors.o
NMIVector                                         build/obj/vectors.o
PendSVVector                                      build/obj/vectors.o
ResetHandler                                      build/obj/crt0.o
                                                  build/obj/vectors.o
SVCallVector                                      build/obj/chcore_v7m.o
                                                  build/obj/vectors.o
SysTickVector                                     build/obj/chcore_v7m.o
                                                  build/obj/vectors.o
UsageFaultVector                                  build/obj/vectors.o
Vector100                                         build/obj/vectors.o
Vector104                                         build/obj/vectors.o
Vector108                                         build/obj/vectors.o
Vector10C                                         build/obj/vectors.o
Vector110                                         build/obj/vectors.o
Vector114                                         build/obj/vectors.o
Vector118                                         build/obj/vectors.o
Vector11C                                         build/obj/vectors.o
Vector120                                         build/obj/vectors.o
Vector124                                         build/obj/vectors.o
Vector128                                         build/obj/vectors.o
Vector12C                                         build/obj/vectors.o
Vector130                                         build/obj/vectors.o
Vector134                                         build/obj/vectors.o
Vector138                                         build/obj/vectors.o
Vector13C                                         build/obj/can_lld.o
                                                  build/obj/vectors.o
Vector140                                         build/obj/can_lld.o
                                                  build/obj/vectors.o
Vector144                                         build/obj/can_lld.o
                                                  build/obj/vectors.o
Vector148                                         build/obj/can_lld.o
                                                  build/obj/vectors.o
Vector14C                                         build/obj/vectors.o
Vector150                                         build/obj/vectors.o
Vector154                                         build/obj/vectors.o
Vector158                                         build/obj/vectors.o
Vector15C                                         build/obj/vectors.o
Vector160                                         build/obj/vectors.o
Vector164                                         build/obj/vectors.o
Vector168                                         build/obj/vectors.o
Vector16C                                         build/obj/vectors.o
Vector170                                         build/obj/vectors.o
Vector174                                         build/obj/vectors.o
Vector178                                         build/obj/vectors.o
Vector17C                                         build/obj/vectors.o
Vector180                                         build/obj/vectors.o
Vector184                                         build/obj/vectors.o
Vector188                                         build/obj/vectors.o
Vector18C                                         build/obj/vectors.o
Vector190                                         build/obj/vectors.o
Vector194                                         build/obj/vectors.o
Vector198                                         build/obj/vectors.o
Vector19C                                         build/obj/vectors.o
Vector1A0                                         build/obj/vectors.o
Vector1A4                                         build/obj/vectors.o
Vector1A8                                         build/obj/vectors.o
Vector1C                                          build/obj/vectors.o
Vector20                                          build/obj/vectors.o
Vector24                                          build/obj/vectors.o
Vector28                                          build/obj/vectors.o
Vector34                                          build/obj/vectors.o
Vector40                                          build/obj/vectors.o
Vector44                                          build/obj/vectors.o
Vector48                                          build/obj/vectors.o
Vector4C                                          build/obj/vectors.o
Vector50                                          build/obj/vectors.o
Vector54                                          build/obj/vectors.o
Vector58                                          build/obj/vectors.o
Vector5C                                          build/obj/vectors.o
Vector60                                          build/obj/vectors.o
Vector64                                          build/obj/vectors.o
Vector68                                          build/obj/vectors.o
Vector6C                                          build/obj/vectors.o
Vector70                                          build/obj/vectors.o
Vector74                                          build/obj/vectors.o
Vector78                                          build/obj/vectors.o
Vector7C                                          build/obj/vectors.o
Vector80                                          build/obj/vectors.o
Vector84                                          build/obj/vectors.o
Vector88                                          build/obj/vectors.o
Vector8C                                          build/obj/can_lld.o
                                                  build/obj/vectors.o
Vector90                                          build/obj/can_lld.o
                                                  build/obj/vectors.o
Vector94                                          build/obj/can_lld.o
                                                  build/obj/vectors.o
Vector98                                          build/obj/can_lld.o
                                                  build/obj/vectors.o
Vector9C                                          build/obj/vectors.o
VectorA0                                          build/obj/vectors.o
VectorA4                                          build/obj/vectors.o
VectorA8                                          build/obj/vectors.o
VectorAC                                          build/obj/vectors.o
VectorB0                                          build/obj/vectors.o
VectorB4                                          build/obj/vectors.o
VectorB8                                          build/obj/vectors.o
VectorBC                                          build/obj/vectors.o
VectorC0                                          build/obj/vectors.o
VectorC4                                          build/obj/vectors.o
VectorC8                                          build/obj/vectors.o
VectorCC                                          build/obj/vectors.o
VectorD0                                          build/obj/vectors.o
VectorD4                                          build/obj/vectors.o
VectorD8                                          build/obj/vectors.o
VectorDC                                          build/obj/vectors.o
VectorE0                                          build/obj/vectors.o
VectorE4                                          build/obj/vectors.o
VectorE8                                          build/obj/vectors.o
VectorEC                                          build/obj/vectors.o
VectorF0                                          build/obj/vectors.o
VectorF4                                          build/obj/vectors.o
VectorF8                                          build/obj/vectors.o
VectorFC                                          build/obj/vectors.o
__early_init                                      build/obj/board.o
                                                  build/obj/crt0.o
__fini_array_end                                  build/obj/crt0.o
__fini_array_start                                build/obj/crt0.o
__heap_base__                                     build/obj/chmemcore.o
__heap_end__                                      build/obj/chmemcore.o
__init_array_end                                  build/obj/crt0.o
__init_array_start                                build/obj/crt0.o
__late_init                                       build/obj/crt0.o
__main_stack_base__                               build/obj/crt0.o
__main_stack_end__                                build/obj/vectors.o
                                                  build/obj/crt0.o
__main_thread_stack_base__                        build/obj/chsys.o
__process_stack_base__                            build/obj/crt0.o
__process_stack_end__                             build/obj/crt0.o
_bss_end                                          build/obj/crt0.o
_bss_start                                        build/obj/crt0.o
_core_init                                        build/obj/chmemcore.o
                                                  build/obj/chsys.o
_data                                             build/obj/crt0.o
_default_exit                                     build/obj/crt0.o
_edata                                            build/obj/crt0.o
_heap_init                                        build/obj/chheap.o
                                                  build/obj/chsys.o
_idle_thread                                      build/obj/chsys.o
_idle_thread_wa                                   build/obj/chsys.o
_pal_lld_init                                     build/obj/pal_lld.o
                                                  build/obj/hal.o
_pal_lld_setgroupmode                             build/obj/pal_lld.o
                                                  build/obj/main.o
                                                  build/obj/pal.o
_port_init                                        build/obj/chcore_v7m.o
                                                  build/obj/chsys.o
_port_irq_epilogue                                build/obj/chcore_v7m.o
                                                  build/obj/can_lld.o
_port_switch                                      build/obj/chcore_v7m.o
                                                  build/obj/chschd.o
_port_switch_from_isr                             build/obj/chcore_v7m.o
_port_thread_start                                build/obj/chcore_v7m.o
                                                  build/obj/chthreads.o
_scheduler_init                                   build/obj/chschd.o
                                                  build/obj/chsys.o
_textdata                                         build/obj/crt0.o
_thread_init                                      build/obj/chthreads.o
                                                  build/obj/chsys.o
_unhandled_exception                              build/obj/vectors.o
_vectors                                          build/obj/vectors.o
_vt_init                                          build/obj/chvt.o
                                                  build/obj/chsys.o
boardInit                                         build/obj/board.o
                                                  build/obj/hal.o
canInit                                           build/obj/can.o
                                                  build/obj/hal.o
canObjectInit                                     build/obj/can.o
                                                  build/obj/can_lld.o
canReceive                                        build/obj/can.o
                                                  build/obj/main.o
canSTM32SetFilters                                build/obj/can_lld.o
canSleep                                          build/obj/can.o
canStart                                          build/obj/can.o
                                                  build/obj/main.o
canStop                                           build/obj/can.o
canTransmit                                       build/obj/can.o
                                                  build/obj/main.o
canWakeup                                         build/obj/can.o
can_lld_init                                      build/obj/can_lld.o
                                                  build/obj/can.o
can_lld_is_rx_nonempty                            build/obj/can_lld.o
                                                  build/obj/can.o
can_lld_is_tx_empty                               build/obj/can_lld.o
                                                  build/obj/can.o
can_lld_receive                                   build/obj/can_lld.o
                                                  build/obj/can.o
can_lld_sleep                                     build/obj/can_lld.o
                                                  build/obj/can.o
can_lld_start                                     build/obj/can_lld.o
                                                  build/obj/can.o
can_lld_stop                                      build/obj/can_lld.o
                                                  build/obj/can.o
can_lld_transmit                                  build/obj/can_lld.o
                                                  build/obj/can.o
can_lld_wakeup                                    build/obj/can_lld.o
                                                  build/obj/can.o
chCondBroadcast                                   build/obj/chcond.o
chCondBroadcastI                                  build/obj/chcond.o
chCondInit                                        build/obj/chcond.o
chCondSignal                                      build/obj/chcond.o
chCondSignalI                                     build/obj/chcond.o
chCondWait                                        build/obj/chcond.o
chCondWaitS                                       build/obj/chcond.o
chCondWaitTimeout                                 build/obj/chcond.o
chCondWaitTimeoutS                                build/obj/chcond.o
chCoreAlloc                                       build/obj/chmemcore.o
                                                  build/obj/chheap.o
chCoreAllocI                                      build/obj/chmemcore.o
chCoreStatus                                      build/obj/chmemcore.o
chDbgCheckClassI                                  build/obj/chdebug.o
                                                  build/obj/chmempools.o
                                                  build/obj/chmemcore.o
                                                  build/obj/chqueues.o
                                                  build/obj/chevents.o
                                                  build/obj/chcond.o
                                                  build/obj/chsem.o
                                                  build/obj/chthreads.o
                                                  build/obj/chschd.o
                                                  build/obj/chvt.o
                                                  build/obj/chsys.o
chDbgCheckClassS                                  build/obj/chdebug.o
                                                  build/obj/chcond.o
                                                  build/obj/chmtx.o
                                                  build/obj/chsem.o
                                                  build/obj/chschd.o
chDbgPanic                                        build/obj/chdebug.o
                                                  build/obj/can_lld.o
                                                  build/obj/can.o
                                                  build/obj/chheap.o
                                                  build/obj/chmsg.o
                                                  build/obj/chevents.o
                                                  build/obj/chcond.o
                                                  build/obj/chmtx.o
                                                  build/obj/chsem.o
                                                  build/obj/chregistry.o
                                                  build/obj/chdynamic.o
                                                  build/obj/chthreads.o
                                                  build/obj/chschd.o
                                                  build/obj/chvt.o
chEvtAddEvents                                    build/obj/chevents.o
chEvtBroadcastFlags                               build/obj/chevents.o
chEvtBroadcastFlagsI                              build/obj/chevents.o
                                                  build/obj/can_lld.o
                                                  build/obj/can.o
chEvtDispatch                                     build/obj/chevents.o
chEvtGetAndClearEvents                            build/obj/chevents.o
chEvtGetAndClearFlags                             build/obj/chevents.o
chEvtGetAndClearFlagsI                            build/obj/chevents.o
chEvtRegisterMask                                 build/obj/chevents.o
                                                  build/obj/main.o
chEvtSignal                                       build/obj/chevents.o
chEvtSignalI                                      build/obj/chevents.o
chEvtUnregister                                   build/obj/chevents.o
                                                  build/obj/main.o
chEvtWaitAll                                      build/obj/chevents.o
chEvtWaitAllTimeout                               build/obj/chevents.o
chEvtWaitAny                                      build/obj/chevents.o
chEvtWaitAnyTimeout                               build/obj/chevents.o
                                                  build/obj/main.o
chEvtWaitOne                                      build/obj/chevents.o
chEvtWaitOneTimeout                               build/obj/chevents.o
chHeapAlloc                                       build/obj/chheap.o
                                                  build/obj/chdynamic.o
chHeapFree                                        build/obj/chheap.o
                                                  build/obj/chdynamic.o
chHeapInit                                        build/obj/chheap.o
chHeapStatus                                      build/obj/chheap.o
chIQGetTimeout                                    build/obj/chqueues.o
chIQInit                                          build/obj/chqueues.o
chIQPutI                                          build/obj/chqueues.o
chIQReadTimeout                                   build/obj/chqueues.o
chIQResetI                                        build/obj/chqueues.o
chMsgRelease                                      build/obj/chmsg.o
chMsgSend                                         build/obj/chmsg.o
chMsgWait                                         build/obj/chmsg.o
chMtxInit                                         build/obj/chmtx.o
                                                  build/obj/chheap.o
chMtxLock                                         build/obj/chmtx.o
                                                  build/obj/chheap.o
chMtxLockS                                        build/obj/chmtx.o
                                                  build/obj/chcond.o
chMtxTryLock                                      build/obj/chmtx.o
chMtxTryLockS                                     build/obj/chmtx.o
chMtxUnlock                                       build/obj/chmtx.o
                                                  build/obj/chheap.o
chMtxUnlockAll                                    build/obj/chmtx.o
chMtxUnlockS                                      build/obj/chmtx.o
                                                  build/obj/chcond.o
chOQGetI                                          build/obj/chqueues.o
chOQInit                                          build/obj/chqueues.o
chOQPutTimeout                                    build/obj/chqueues.o
chOQResetI                                        build/obj/chqueues.o
chOQWriteTimeout                                  build/obj/chqueues.o
chPoolAlloc                                       build/obj/chmempools.o
                                                  build/obj/chdynamic.o
chPoolAllocI                                      build/obj/chmempools.o
chPoolFree                                        build/obj/chmempools.o
                                                  build/obj/chdynamic.o
chPoolFreeI                                       build/obj/chmempools.o
chPoolInit                                        build/obj/chmempools.o
chPoolLoadArray                                   build/obj/chmempools.o
chRegFirstThread                                  build/obj/chregistry.o
chRegNextThread                                   build/obj/chregistry.o
chSchDoReschedule                                 build/obj/chschd.o
                                                  build/obj/chcore_v7m.o
chSchDoRescheduleAhead                            build/obj/chschd.o
chSchDoRescheduleBehind                           build/obj/chschd.o
                                                  build/obj/chthreads.o
chSchGoSleepS                                     build/obj/chschd.o
                                                  build/obj/chmsg.o
                                                  build/obj/chevents.o
                                                  build/obj/chcond.o
                                                  build/obj/chmtx.o
                                                  build/obj/chsem.o
                                                  build/obj/chthreads.o
chSchGoSleepTimeoutS                              build/obj/chschd.o
                                                  build/obj/can_lld.o
                                                  build/obj/can.o
                                                  build/obj/chqueues.o
                                                  build/obj/chevents.o
                                                  build/obj/chcond.o
                                                  build/obj/chsem.o
                                                  build/obj/chthreads.o
chSchReadyI                                       build/obj/chschd.o
                                                  build/obj/chqueues.o
                                                  build/obj/chmsg.o
                                                  build/obj/chevents.o
                                                  build/obj/chcond.o
                                                  build/obj/chmtx.o
                                                  build/obj/chsem.o
                                                  build/obj/chthreads.o
chSchRescheduleS                                  build/obj/chschd.o
                                                  build/obj/can.o
                                                  build/obj/chevents.o
                                                  build/obj/chcond.o
                                                  build/obj/chmtx.o
                                                  build/obj/chsem.o
                                                  build/obj/chthreads.o
chSchWakeupS                                      build/obj/chschd.o
                                                  build/obj/chmsg.o
                                                  build/obj/chcond.o
                                                  build/obj/chmtx.o
                                                  build/obj/chsem.o
                                                  build/obj/chdynamic.o
                                                  build/obj/chthreads.o
chSemAddCounterI                                  build/obj/chsem.o
chSemInit                                         build/obj/chsem.o
                                                  build/obj/can.o
chSemReset                                        build/obj/chsem.o
chSemResetI                                       build/obj/chsem.o
                                                  build/obj/can.o
chSemSignal                                       build/obj/chsem.o
chSemSignalI                                      build/obj/chsem.o
                                                  build/obj/can_lld.o
chSemSignalWait                                   build/obj/chsem.o
chSemWait                                         build/obj/chsem.o
chSemWaitS                                        build/obj/chsem.o
chSemWaitTimeout                                  build/obj/chsem.o
chSemWaitTimeoutS                                 build/obj/chsem.o
                                                  build/obj/can.o
chSysInit                                         build/obj/chsys.o
                                                  build/obj/main.o
chSysTimerHandlerI                                build/obj/chsys.o
                                                  build/obj/chcore_v7m.o
chThdAddRef                                       build/obj/chdynamic.o
chThdCreateFromHeap                               build/obj/chdynamic.o
chThdCreateFromMemoryPool                         build/obj/chdynamic.o
chThdCreateI                                      build/obj/chthreads.o
                                                  build/obj/chdynamic.o
chThdCreateStatic                                 build/obj/chthreads.o
                                                  build/obj/main.o
                                                  build/obj/chsys.o
chThdExit                                         build/obj/chthreads.o
                                                  build/obj/chcore_v7m.o
chThdExitS                                        build/obj/chthreads.o
chThdRelease                                      build/obj/chdynamic.o
                                                  build/obj/chregistry.o
                                                  build/obj/chthreads.o
chThdResume                                       build/obj/chthreads.o
chThdSetPriority                                  build/obj/chthreads.o
chThdSleep                                        build/obj/chthreads.o
                                                  build/obj/main.o
chThdSleepUntil                                   build/obj/chthreads.o
chThdTerminate                                    build/obj/chthreads.o
chThdWait                                         build/obj/chthreads.o
chThdYield                                        build/obj/chthreads.o
chVTResetI                                        build/obj/chvt.o
                                                  build/obj/chschd.o
chVTSetI                                          build/obj/chvt.o
                                                  build/obj/chschd.o
ch_debug                                          build/obj/chregistry.o
                                                  build/obj/chsys.o
chsnprintf                                        build/obj/chprintf.o
chvprintf                                         build/obj/chprintf.o
dbg_check_disable                                 build/obj/chdebug.o
dbg_check_enable                                  build/obj/chdebug.o
                                                  build/obj/chsys.o
dbg_check_enter_isr                               build/obj/chdebug.o
                                                  build/obj/can_lld.o
                                                  build/obj/chcore_v7m.o
dbg_check_leave_isr                               build/obj/chdebug.o
                                                  build/obj/can_lld.o
                                                  build/obj/chcore_v7m.o
dbg_check_lock                                    build/obj/chdebug.o
                                                  build/obj/can.o
                                                  build/obj/chmempools.o
                                                  build/obj/chmemcore.o
                                                  build/obj/chqueues.o
                                                  build/obj/chmsg.o
                                                  build/obj/chevents.o
                                                  build/obj/chcond.o
                                                  build/obj/chmtx.o
                                                  build/obj/chsem.o
                                                  build/obj/chregistry.o
                                                  build/obj/chdynamic.o
                                                  build/obj/chthreads.o
                                                  build/obj/chcore_v7m.o
dbg_check_lock_from_isr                           build/obj/chdebug.o
                                                  build/obj/can_lld.o
                                                  build/obj/chschd.o
                                                  build/obj/chsys.o
                                                  build/obj/chcore_v7m.o
dbg_check_suspend                                 build/obj/chdebug.o
dbg_check_unlock                                  build/obj/chdebug.o
                                                  build/obj/can.o
                                                  build/obj/chmempools.o
                                                  build/obj/chmemcore.o
                                                  build/obj/chqueues.o
                                                  build/obj/chmsg.o
                                                  build/obj/chevents.o
                                                  build/obj/chcond.o
                                                  build/obj/chmtx.o
                                                  build/obj/chsem.o
                                                  build/obj/chregistry.o
                                                  build/obj/chdynamic.o
                                                  build/obj/chthreads.o
                                                  build/obj/chcore_v7m.o
dbg_check_unlock_from_isr                         build/obj/chdebug.o
                                                  build/obj/can_lld.o
                                                  build/obj/chschd.o
                                                  build/obj/chsys.o
                                                  build/obj/chcore_v7m.o
dbg_isr_cnt                                       build/obj/chdebug.o
dbg_lock_cnt                                      build/obj/chdebug.o
dbg_panic_msg                                     build/obj/chdebug.o
halInit                                           build/obj/hal.o
                                                  build/obj/main.o
halIsCounterWithin                                build/obj/hal.o
halPolledDelay                                    build/obj/hal.o
hal_lld_init                                      build/obj/hal_lld.o
                                                  build/obj/hal.o
main                                              build/obj/main.o
                                                  build/obj/crt0.o
memcpy                                            /usr/lib/gcc/arm-none-eabi/4.9.2/../../../../arm-none-eabi/lib/armv7e-m/libg.a(lib_a-memcpy.o)
                                                  build/obj/memstreams.o
msObjectInit                                      build/obj/memstreams.o
                                                  build/obj/chprintf.o
nvicDisableVector                                 build/obj/nvic.o
                                                  build/obj/can_lld.o
nvicEnableVector                                  build/obj/nvic.o
                                                  build/obj/can_lld.o
nvicSetSystemHandlerPriority                      build/obj/nvic.o
                                                  build/obj/chcore_v7m.o
palReadBus                                        build/obj/pal.o
palSetBusMode                                     build/obj/pal.o
palWriteBus                                       build/obj/pal.o
pal_default_config                                build/obj/board.o
                                                  build/obj/hal.o
port_halt                                         build/obj/chcore.o
                                                  build/obj/chdebug.o
rlist                                             build/obj/chschd.o
                                                  build/obj/main.o
                                                  build/obj/chqueues.o
                                                  build/obj/chmsg.o
                                                  build/obj/chevents.o
                                                  build/obj/chcond.o
                                                  build/obj/chmtx.o
                                                  build/obj/chsem.o
                                                  build/obj/chregistry.o
                                                  build/obj/chthreads.o
                                                  build/obj/chsys.o
                                                  build/obj/chcore_v7m.o
stm32_clock_init                                  build/obj/hal_lld.o
                                                  build/obj/board.o
tmInit                                            build/obj/tm.o
                                                  build/obj/hal.o
tmObjectInit                                      build/obj/tm.o
vtlist                                            build/obj/chvt.o
                                                  build/obj/chthreads.o
                                                  build/obj/chsys.o
